Microchip MPLAB XC8 Compiler V2.40

Linker command line:

-W-3 \
  --edf=C:\Program Files\Microchip\xc8\v2.40\pic\dat\20220703182018_en.msgs \
  -cn -h+dist/default/production\PROYECTO1-2.X.production.sym \
  --cmf=dist/default/production\PROYECTO1-2.X.production.cmf -z -Q16F887 \
  -oC:\Users\eacat\AppData\Local\Temp\xcAsaf0.4 --defsym=__MPLAB_BUILD=1 \
  --fixupoverflow=error \
  -Mdist/default/production/PROYECTO1-2.X.production.map \
  --md=C:\Users\eacat\AppData\Local\Temp\xcAsaf0.dat -E1 -ver=XC8 Compiler \
  --acfsm=1493 -ACODE=00h-07FFhx4 -ASTRCODE=00h-01FFFh -ASTRING=00h-0FFhx32 \
  -ACONST=00h-0FFhx32 -AENTRY=00h-0FFhx32 -ACOMMON=070h-07Fh \
  -ABANK0=020h-06Fh -ABANK1=0A0h-0EFh -ABANK2=0110h-016Fh \
  -ABANK3=0190h-01EFh -ARAM=020h-06Fh,0A0h-0EFh,0110h-016Fh,0190h-01EFh \
  -AABS1=020h-07Fh,0A0h-0EFh,0110h-016Fh,0190h-01EFh -ASFR0=00h-01Fh \
  -ASFR1=080h-09Fh -ASFR2=0100h-010Fh -ASFR3=0180h-018Fh \
  -ACONFIG=02007h-02008h -DCONFIG=2 -AIDLOC=02000h-02003h -DIDLOC=2 \
  -AEEDATA=00h-0FFh/02100h -peeprom_data=EEDATA -DEEDATA=2 -DCODE=2 \
  -DSTRCODE=2 -DSTRING=2 -DCONST=2 -DENTRY=2 \
  -preset_vec=00h,intentry=04h,init,end_init -ppowerup=CODE -pcinit=CODE \
  -pfunctab=ENTRY -k C:\Users\eacat\AppData\Local\Temp\xcAsaf0.o \
  dist/default/production\PROYECTO1-2.X.production.o 

Object code version is 3.11

Machine type is 16F887



                Name                               Link     Load   Length Selector   Space Scale
C:\Users\eacat\AppData\Local\Temp\xcAsaf0.o
                end_init                              C        C        3        8       0
                reset_vec                             0        0        3        0       0
                config                             2007     2007        2        0       4
                idloc                              2000     2000        4        0       5
dist/default/production\PROYECTO1-2.X.production.o
                cinit                                 F        F       30        8       0
                intentry                              4        4        8        8       0
                config                             2007     2007        2        0       4
                idloc                              2000     2000        4        0       5
                text28                              800      800       15     1000       0
                text27                             1572     1572       16     2AE4       0
                text26                             155F     155F        6     2ABE       0
                text25                              AB7      AB7       DB     156E       0
                text24                              7D8      7D8       20        8       0
                text23                             159F     159F       1C     2B3E       0
                text22                             1565     1565        D     2ACA       0
                text21                              870      870       5E     10E0       0
                text20                             17B4     17B4       4C     2F68       0
                text19                             161E     161E       39     2C3C       0
                text18                             1693     1693       46     2D26       0
                text17                              8CE      8CE       69     119C       0
                text16                              815      815       5B     102A       0
                text15                             1588     1588       17     2B10       0
                text14                              384      384      2EA        8       0
                text13                              B92      B92      1D3     1724       0
                text12                             15F5     15F5       29     2BEA       0
                text11                               3F       3F      345        8       0
                text10                              74A      74A       8E        8       0
                text9                               937      937       BA     126E       0
                text8                               9F1      9F1       C6     13E2       0
                text7                              15BB     15BB       1C     2B76       0
                text6                              1769     1769       4B     2ED2       0
                text5                              15D7     15D7       1E     2BAE       0
                text4                              171F     171F       4A     2E3E       0
                text3                              16D9     16D9       46     2DB2       0
                text2                              1657     1657       3C     2CAE       0
                text1                               66E      66E       DC        8       0
                maintext                            D65      D65      29B     1ACA       0
                cstackBANK0                          20       20       50       20       1
                cstackCOMMON                         70       70        9       70       1
                cstackBANK1                          A0       A0       27       A0       1
                clrtext                             7F8      7F8        8        8       0
                dataBANK1                            DD       DD        3       A0       1
                bssBANK1                             C7       C7       16       A0       1
                dataCOMMON                           7C       7C        2       70       1
                bssCOMMON                            79       79        3       70       1
                strings                            1000     1000       4D     2000       0
                idataBANK1                         155C     155C        3     2AB8       0
                idataCOMMON                        155A     155A        2     2AB4       0

TOTAL           Name                               Link     Load   Length     Space
        CLASS   CODE           
                end_init                              C        C        3         0
                cinit                                 F        F       30         0
                intentry                              4        4        8         0
                reset_vec                             0        0        3         0
                text28                              800      800       15         0
                text27                             1572     1572       16         0
                text26                             155F     155F        6         0
                text25                              AB7      AB7       DB         0
                text24                              7D8      7D8       20         0
                text23                             159F     159F       1C         0
                text22                             1565     1565        D         0
                text21                              870      870       5E         0
                text20                             17B4     17B4       4C         0
                text19                             161E     161E       39         0
                text18                             1693     1693       46         0
                text17                              8CE      8CE       69         0
                text16                              815      815       5B         0
                text15                             1588     1588       17         0
                text14                              384      384      2EA         0
                text13                              B92      B92      1D3         0
                text12                             15F5     15F5       29         0
                text11                               3F       3F      345         0
                text10                              74A      74A       8E         0
                text9                               937      937       BA         0
                text8                               9F1      9F1       C6         0
                text7                              15BB     15BB       1C         0
                text6                              1769     1769       4B         0
                text5                              15D7     15D7       1E         0
                text4                              171F     171F       4A         0
                text3                              16D9     16D9       46         0
                text2                              1657     1657       3C         0
                text1                               66E      66E       DC         0
                maintext                            D65      D65      29B         0
                clrtext                             7F8      7F8        8         0
                idataBANK1                         155C     155C        3         0
                idataCOMMON                        155A     155A        2         0

        CLASS   STRCODE        

        CLASS   STRING         
                strings                            1000     1000       4D         0

        CLASS   CONST          

        CLASS   ENTRY          

        CLASS   COMMON         
                cstackCOMMON                         70       70        9         1
                dataCOMMON                           7C       7C        2         1
                bssCOMMON                            79       79        3         1

        CLASS   BANK0          
                cstackBANK0                          20       20       50         1

        CLASS   BANK1          
                cstackBANK1                          A0       A0       27         1
                dataBANK1                            DD       DD        3         1
                bssBANK1                             C7       C7       16         1

        CLASS   BANK2          

        CLASS   BANK3          

        CLASS   RAM            

        CLASS   ABS1           
                abs_s1                               7E       7E        2         1

        CLASS   SFR0           

        CLASS   SFR1           

        CLASS   SFR2           

        CLASS   SFR3           

        CLASS   CONFIG         
                config                             2007     2007        2         4

        CLASS   IDLOC          
                idloc                              2000     2000        4         5

        CLASS   EEDATA         

        CLASS   STACK          



SEGMENTS        Name                           Load    Length   Top    Selector   Space  Class     Delta

                reset_vec                      000000  000003  000003         0       0  CODE        2
                intentry                       000004  0007FC  000800         8       0  CODE        2
                cstackBANK0                    000020  000050  000070        20       1  BANK0       1
                cstackCOMMON                   000070  00000E  00007E        70       1  COMMON      1
                cstackBANK1                    0000A0  000040  0000E0        A0       1  BANK1       1
                text28                         000800  000015  000815      1000       0  CODE        2
                text16                         000815  00005B  000870      102A       0  CODE        2
                text21                         000870  00005E  0008CE      10E0       0  CODE        2
                text17                         0008CE  000069  000937      119C       0  CODE        2
                text9                          000937  0000BA  0009F1      126E       0  CODE        2
                text8                          0009F1  0000C6  000AB7      13E2       0  CODE        2
                text25                         000AB7  0000DB  000B92      156E       0  CODE        2
                text13                         000B92  0001D3  000D65      1724       0  CODE        2
                maintext                       000D65  00029B  001000      1ACA       0  CODE        2
                strings                        001000  00004D  00104D      2000       0  STRING      2
                idataCOMMON                    00155A  000002  00155C      2AB4       0  CODE        2
                idataBANK1                     00155C  000003  00155F      2AB8       0  CODE        2
                text26                         00155F  000006  001565      2ABE       0  CODE        2
                text22                         001565  00000D  001572      2ACA       0  CODE        2
                text27                         001572  000016  001588      2AE4       0  CODE        2
                text15                         001588  000017  00159F      2B10       0  CODE        2
                text23                         00159F  00001C  0015BB      2B3E       0  CODE        2
                text7                          0015BB  00001C  0015D7      2B76       0  CODE        2
                text5                          0015D7  00001E  0015F5      2BAE       0  CODE        2
                text12                         0015F5  000029  00161E      2BEA       0  CODE        2
                text19                         00161E  000039  001657      2C3C       0  CODE        2
                text2                          001657  00003C  001693      2CAE       0  CODE        2
                text18                         001693  000046  0016D9      2D26       0  CODE        2
                text3                          0016D9  000046  00171F      2DB2       0  CODE        2
                text4                          00171F  00004A  001769      2E3E       0  CODE        2
                text6                          001769  00004B  0017B4      2ED2       0  CODE        2
                text20                         0017B4  00004C  001800      2F68       0  CODE        2


UNUSED ADDRESS RANGES

        Name                Unused          Largest block    Delta
        BANK1            00E0-00EF             10           1
        BANK2            0110-016F             60           1
        BANK3            0190-01EF             60           1
        CODE             0003-0003              1           2
                         104D-1559            50D
                         1800-1FFF            800
        CONST            0003-0003              1           2
                         104D-1559            100
                         1800-1FFF            100
        EEDATA           2100-21FF            100           2
        ENTRY            0003-0003              1           2
                         104D-1559            100
                         1800-1FFF            100
        RAM              00E0-00EF             10           1
                         0110-016F             60
                         0190-01EF             60
        SFR0             0000-001F             20           1
        SFR1             0080-009F             20           1
        SFR2             0100-010F             10           1
        SFR3             0180-018F             10           1
        STRCODE          0003-0003              1           2
                         104D-1559            50D
                         1800-1FFF            800
        STRING           0003-0003              1           2
                         104D-1559            100
                         1800-1FFF            100

                                  Symbol Table

?__Umul8_16               cstackBANK0  0020
?___awdiv                 cstackBANK0  0020
?___awmod                 cstackBANK0  0020
?___fladd                 cstackBANK0  0062
?___fldiv                 cstackBANK0  002E
?___flmul                 cstackBANK0  0048
?___fltol                 cstackBANK1  00A8
?___lwdiv                 cstackBANK0  0020
?___lwmod                 cstackBANK0  0028
?___xxtofl                cstackBANK0  0020
?_map                     cstackBANK1  00B0
?_sprintf                 cstackBANK0  002E
BCD_a_Decimal@numero      cstackCOMMON 0076
I2C_Slave_Init@address    cstackBANK0  0020
Lcd_Cmd@a                 cstackBANK0  0023
Lcd_Port@a                cstackBANK0  0020
Lcd_Set_Cursor@a          cstackBANK0  0026
Lcd_Set_Cursor@b          cstackBANK0  0024
Lcd_Set_Cursor@temp       cstackBANK0  0029
Lcd_Set_Cursor@y          cstackBANK0  0028
Lcd_Set_Cursor@z          cstackBANK0  0027
Lcd_Write_Char@a          cstackBANK0  0024
Lcd_Write_Char@temp       cstackBANK0  0022
Lcd_Write_Char@y          cstackBANK0  0023
Lcd_Write_String@a        cstackBANK0  0025
Lcd_Write_String@i        cstackBANK0  002A
_ADCON0bits               (abs)        001F
_ADCON1bits               (abs)        009F
_ADRESH                   (abs)        001E
_ANSEL                    (abs)        0188
_ANSELH                   (abs)        0189
_BAUDCTLbits              (abs)        0187
_BCD_a_Decimal            text27       1572
_GIE                      (abs)        005F
_I2C_Slave_Init           text7        15BB
_INTCONbits               (abs)        000B
_Lcd_Clear                text22       1565
_Lcd_Cmd                  text23       159F
_Lcd_Init                 text21       0870
_Lcd_Port                 text24       07D8
_Lcd_Set_Cursor           text20       17B4
_Lcd_Write_Char           text19       161E
_Lcd_Write_String         text18       1693
_OPTION_REGbits           (abs)        0081
_OSCCONbits               (abs)        008F
_PEIE                     (abs)        005E
_PIE1bits                 (abs)        008C
_PIR1bits                 (abs)        000C
_PORTB                    (abs)        0006
_PORTD                    (abs)        0008
_PORTDbits                (abs)        0008
_POT1                     bssBANK1     00D9
_PUSH                     bssBANK1     00D4
_PUSH2                    bssBANK1     00D3
_RCREG                    (abs)        001A
_RCSTAbits                (abs)        0018
_RD3                      (abs)        0043
_RD4                      (abs)        0044
_RD5                      (abs)        0045
_RD6                      (abs)        0046
_RD7                      (abs)        0047
_SPBRG                    (abs)        0099
_SPBRGH                   (abs)        009A
_SSPADD                   (abs)        0093
_SSPBUF                   (abs)        0013
_SSPCON                   (abs)        0014
_SSPCON2                  (abs)        0091
_SSPCON2bits              (abs)        0091
_SSPCONbits               (abs)        0014
_SSPIE                    (abs)        0463
_SSPIF                    (abs)        0063
_SSPSTAT                  (abs)        0094
_SSPSTATbits              (abs)        0094
_TMR0                     (abs)        0001
_TRISA                    (abs)        0085
_TRISB                    (abs)        0086
_TRISC                    (abs)        0087
_TRISC3                   (abs)        043B
_TRISC4                   (abs)        043C
_TRISC5                   (abs)        043D
_TRISCbits                (abs)        0087
_TRISD                    (abs)        0088
_TXREG                    (abs)        0019
_TXSTAbits                (abs)        0098
_VOLTAJE_0                bssBANK1     00C7
__Habs1                   abs1         0000
__Hbank0                  bank0        0000
__Hbank1                  bank1        0000
__Hbank2                  bank2        0000
__Hbank3                  bank3        0000
__HbssBANK1               bssBANK1     0000
__HbssCOMMON              bssCOMMON    0000
__Hcinit                  cinit        003F
__Hclrtext                clrtext      0000
__Hcode                   code         0000
__Hcommon                 common       0000
__Hconfig                 config       2009
__HcstackBANK0            cstackBANK0  0000
__HcstackBANK1            cstackBANK1  0000
__HcstackCOMMON           cstackCOMMON 0000
__HdataBANK1              dataBANK1    0000
__HdataCOMMON             dataCOMMON   0000
__Heeprom_data            eeprom_data  0000
__Hend_init               end_init     000F
__Hfunctab                functab      0000
__HidataBANK1             idataBANK1   0000
__HidataCOMMON            idataCOMMON  0000
__Hidloc                  idloc        2004
__Hinit                   init         000C
__Hintentry               intentry     000C
__Hmaintext               maintext     0000
__Hpowerup                powerup      0000
__Hram                    ram          0000
__Hreset_vec              reset_vec    0003
__Hsfr0                   sfr0         0000
__Hsfr1                   sfr1         0000
__Hsfr2                   sfr2         0000
__Hsfr3                   sfr3         0000
__Hspace_0                (abs)        1800
__Hspace_1                (abs)        00E0
__Hspace_2                (abs)        0000
__Hspace_3                (abs)        0000
__Hspace_4                (abs)        4010
__Hstack                  stack        0000
__Hstrings                strings      0000
__Htext                   text         0000
__Labs1                   abs1         0000
__Lbank0                  bank0        0000
__Lbank1                  bank1        0000
__Lbank2                  bank2        0000
__Lbank3                  bank3        0000
__LbssBANK1               bssBANK1     0000
__LbssCOMMON              bssCOMMON    0000
__Lcinit                  cinit        000F
__Lclrtext                clrtext      0000
__Lcode                   code         0000
__Lcommon                 common       0000
__Lconfig                 config       0000
__LcstackBANK0            cstackBANK0  0000
__LcstackBANK1            cstackBANK1  0000
__LcstackCOMMON           cstackCOMMON 0000
__LdataBANK1              dataBANK1    0000
__LdataCOMMON             dataCOMMON   0000
__Leeprom_data            eeprom_data  0000
__Lend_init               end_init     000C
__Lfunctab                functab      0000
__LidataBANK1             idataBANK1   0000
__LidataCOMMON            idataCOMMON  0000
__Lidloc                  idloc        0000
__Linit                   init         000C
__Lintentry               intentry     0004
__Lmaintext               maintext     0000
__Lpowerup                powerup      0000
__Lram                    ram          0000
__Lreset_vec              reset_vec    0000
__Lsfr0                   sfr0         0000
__Lsfr1                   sfr1         0000
__Lsfr2                   sfr2         0000
__Lsfr3                   sfr3         0000
__Lspace_0                (abs)        0000
__Lspace_1                (abs)        0000
__Lspace_2                (abs)        0000
__Lspace_3                (abs)        0000
__Lspace_4                (abs)        0000
__Lstack                  stack        0000
__Lstrings                strings      0000
__Ltext                   text         0000
__S0                      (abs)        1800
__S1                      (abs)        00E0
__S3                      (abs)        0000
__Umul8_16                text12       15F5
__Umul8_16@multiplicand   cstackBANK0  0020
__Umul8_16@multiplier     cstackBANK0  0028
__Umul8_16@product        cstackBANK0  0024
__Umul8_16@word_mpld      cstackBANK0  0026
___awdiv                  text17       08CE
___awdiv@counter          cstackBANK0  0025
___awdiv@dividend         cstackBANK0  0022
___awdiv@divisor          cstackBANK0  0020
___awdiv@quotient         cstackBANK0  0027
___awdiv@sign             cstackBANK0  0026
___awmod                  text16       0815
___awmod@counter          cstackBANK0  0025
___awmod@dividend         cstackBANK0  0022
___awmod@divisor          cstackBANK0  0020
___awmod@sign             cstackBANK0  0026
___bmul                   text15       1588
___bmul@multiplicand      cstackBANK0  0020
___bmul@multiplier        cstackBANK0  0023
___bmul@product           cstackBANK0  0022
___fladd                  text14       0384
___fladd@a                cstackBANK0  0066
___fladd@aexp             cstackBANK0  006B
___fladd@b                cstackBANK0  0062
___fladd@bexp             cstackBANK0  006C
___fladd@grs              cstackBANK0  006D
___fladd@signs            cstackBANK0  006A
___fldiv                  text13       0B92
___fldiv@a                cstackBANK0  002E
___fldiv@aexp             cstackBANK0  0047
___fldiv@b                cstackBANK0  0032
___fldiv@bexp             cstackBANK0  0046
___fldiv@grs              cstackBANK0  0042
___fldiv@new_exp          cstackBANK0  0040
___fldiv@rem              cstackBANK0  003B
___fldiv@sign             cstackBANK0  003F
___flmul                  text11       003F
___flmul@a                cstackBANK0  004C
___flmul@aexp             cstackBANK0  005A
___flmul@b                cstackBANK0  0048
___flmul@bexp             cstackBANK0  005B
___flmul@grs              cstackBANK0  0056
___flmul@prod             cstackBANK0  005C
___flmul@sign             cstackBANK0  0055
___flmul@temp             cstackBANK0  0060
___fltol                  text10       074A
___fltol@exp1             cstackBANK0  006F
___fltol@f1               cstackBANK1  00A8
___fltol@sign1            cstackBANK0  006E
___int_sp                 stack        0000
___latbits                (abs)        0002
___lwdiv                  text3        16D9
___lwdiv@counter          cstackBANK0  0027
___lwdiv@dividend         cstackBANK0  0022
___lwdiv@divisor          cstackBANK0  0020
___lwdiv@quotient         cstackBANK0  0025
___lwmod                  text2        1657
___lwmod@counter          cstackBANK0  002D
___lwmod@dividend         cstackBANK0  002A
___lwmod@divisor          cstackBANK0  0028
___sp                     stack        0000
___stackhi                (abs)        0000
___stacklo                (abs)        0000
___xxtofl                 text9        0937
___xxtofl@arg             cstackBANK0  002A
___xxtofl@exp             cstackBANK0  0029
___xxtofl@sign            cstackBANK0  0028
___xxtofl@val             cstackBANK0  0020
__end_of_BCD_a_Decimal    text27       1588
__end_of_I2C_Slave_Init   text7        15D7
__end_of_Lcd_Clear        text22       1572
__end_of_Lcd_Cmd          text23       15BB
__end_of_Lcd_Init         text21       08CE
__end_of_Lcd_Port         text24       07F8
__end_of_Lcd_Set_Cursor   text20       1800
__end_of_Lcd_Write_Char   text19       1657
__end_of_Lcd_Write_String text18       16D9
__end_of__Umul8_16        text12       161E
__end_of___awdiv          text17       0937
__end_of___awmod          text16       0870
__end_of___bmul           text15       159F
__end_of___fladd          text14       066E
__end_of___fldiv          text13       0D65
__end_of___flmul          text11       0384
__end_of___fltol          text10       07D8
__end_of___lwdiv          text3        171F
__end_of___lwmod          text2        1693
__end_of___xxtofl         text9        09F1
__end_of__initialization  cinit        003B
__end_of__stringtab       strings      1010
__end_of_dpowers          strings      101A
__end_of_init_osc_MHz     text6        17B4
__end_of_isr              text25       0B92
__end_of_main             maintext     1000
__end_of_map              text8        0AB7
__end_of_setup2           text4        1769
__end_of_spiInit          text5        15F5
__end_of_spiWrite         text26       1565
__end_of_sprintf          text1        074A
__end_ofi1___bmul         text28       0815
__initialization          cinit        000F
__pbssBANK1               bssBANK1     00C7
__pbssCOMMON              bssCOMMON    0079
__pcstackBANK0            cstackBANK0  0020
__pcstackBANK1            cstackBANK1  00A0
__pcstackCOMMON           cstackCOMMON 0070
__pdataBANK1              dataBANK1    00DD
__pdataCOMMON             dataCOMMON   007C
__pidataBANK1             idataBANK1   155C
__pidataCOMMON            idataCOMMON  155A
__pintentry               intentry     0004
__pmaintext               maintext     0D65
__pstrings                strings      1000
__ptext1                  text1        066E
__ptext10                 text10       074A
__ptext11                 text11       003F
__ptext12                 text12       15F5
__ptext13                 text13       0B92
__ptext14                 text14       0384
__ptext15                 text15       1588
__ptext16                 text16       0815
__ptext17                 text17       08CE
__ptext18                 text18       1693
__ptext19                 text19       161E
__ptext2                  text2        1657
__ptext20                 text20       17B4
__ptext21                 text21       0870
__ptext22                 text22       1565
__ptext23                 text23       159F
__ptext24                 text24       07D8
__ptext25                 text25       0AB7
__ptext26                 text26       155F
__ptext27                 text27       1572
__ptext28                 text28       0800
__ptext3                  text3        16D9
__ptext4                  text4        171F
__ptext5                  text5        15D7
__ptext6                  text6        1769
__ptext7                  text7        15BB
__ptext8                  text8        09F1
__ptext9                  text9        0937
__stringbase              strings      100F
__stringtab               strings      1000
_bandera                  bssCOMMON    0079
_dec_POT_0                bssBANK1     00CA
_dpowers                  strings      1010
_entrada                  bssCOMMON    007B
_entrada2                 bssCOMMON    007A
_hours                    dataCOMMON   007D
_init_POT_0               bssBANK1     00CB
_init_osc_MHz             text6        1769
_isr                      text25       0AB7
_main                     maintext     0D65
_map                      text8        09F1
_minutes                  dataBANK1    00DF
_s                        bssBANK1     00DC
_seconds                  dataCOMMON   007C
_setup2                   text4        171F
_spiInit                  text5        15D7
_spiWrite                 text26       155F
_sprintf                  text1        066E
_temperatura              bssBANK1     00CF
btemp                     (abs)        007E
clear_ram0                clrtext      07F8
end_of_initialization     cinit        003B
i1___bmul                 text28       0800
i1___bmul@multiplicand    cstackCOMMON 0070
i1___bmul@multiplier      cstackCOMMON 0073
i1___bmul@product         cstackCOMMON 0072
init_osc_MHz@freq         cstackBANK0  0022
interrupt_function        intentry     0004
intlevel0                 functab      0000
intlevel1                 functab      0000
intlevel2                 functab      0000
intlevel3                 functab      0000
intlevel4                 functab      0000
intlevel5                 functab      0000
map@x                     cstackBANK1  00B6
map@x0                    cstackBANK1  00B0
map@x1                    cstackBANK1  00B1
map@y0                    cstackBANK1  00B2
map@y1                    cstackBANK1  00B4
reset_vec                 reset_vec    0000
saved_w                   (abs)        007E
spiInit@sClockIdle        cstackBANK0  0021
spiInit@sDataSample       cstackBANK0  0020
spiInit@sTransmitEdge     cstackBANK0  0022
spiInit@sType             cstackBANK0  0023
spiWrite@dat              cstackCOMMON 0070
sprintf@ap                cstackBANK0  0042
sprintf@c                 cstackBANK0  0048
sprintf@f                 cstackBANK0  002E
sprintf@flag              cstackBANK0  0043
sprintf@prec              cstackBANK0  0044
sprintf@sp                cstackBANK0  0047
sprintf@val               cstackBANK0  0045
start                     init         000C
start_initialization      cinit        000F
wtemp0                    (abs)        007E


MODULE INFORMATION

Module		Function		Class		Link	Load	Size
C:\Program Files\Microchip\xc8\v2.40\pic\sources\c90\common\fltol.c
		___fltol       		CODE           	074A	0000	142

C:\Program Files\Microchip\xc8\v2.40\pic\sources\c90\common\fltol.c estimated size: 142

C:\Program Files\Microchip\xc8\v2.40\pic\sources\c90\common\Umul8.c
		___bmul        		CODE           	1588	0000	23

C:\Program Files\Microchip\xc8\v2.40\pic\sources\c90\common\Umul8.c estimated size: 23

C:\Program Files\Microchip\xc8\v2.40\pic\sources\c90\common\awdiv.c
		___awdiv       		CODE           	08CE	0000	105

C:\Program Files\Microchip\xc8\v2.40\pic\sources\c90\common\awdiv.c estimated size: 105

C:\Program Files\Microchip\xc8\v2.40\pic\sources\c90\common\sprcmul.c
		___flmul       		CODE           	003F	0000	837

C:\Program Files\Microchip\xc8\v2.40\pic\sources\c90\common\sprcmul.c estimated size: 837

I2C.c
		_I2C_Slave_Init		CODE           	15BB	0000	28

I2C.c estimated size: 28

C:\Program Files\Microchip\xc8\v2.40\pic\sources\c90\common\sprcdiv.c
		___fldiv       		CODE           	0B92	0000	467

C:\Program Files\Microchip\xc8\v2.40\pic\sources\c90\common\sprcdiv.c estimated size: 467

C:\Program Files\Microchip\xc8\v2.40\pic\sources\c90\common\Umul8_16.c
		__Umul8_16     		CODE           	15F5	0000	41

C:\Program Files\Microchip\xc8\v2.40\pic\sources\c90\common\Umul8_16.c estimated size: 41

C:\Program Files\Microchip\xc8\v2.40\pic\sources\c90\common\doprnt.c
		_sprintf       		CODE           	066E	0000	220

C:\Program Files\Microchip\xc8\v2.40\pic\sources\c90\common\doprnt.c estimated size: 220

oscilador.c
		_init_osc_MHz  		CODE           	1769	0000	75

oscilador.c estimated size: 75

C:\Program Files\Microchip\xc8\v2.40\pic\sources\c90\common\lwmod.c
		___lwmod       		CODE           	1657	0000	60

C:\Program Files\Microchip\xc8\v2.40\pic\sources\c90\common\lwmod.c estimated size: 60

shared
		__stringtab    		STRING         	1000	0000	16
		_dpowers       		STRING         	1010	0000	10
		__initialization		CODE           	000F	0000	44
		i1___bmul      		CODE           	0800	0000	21

shared estimated size: 91

C:\Program Files\Microchip\xc8\v2.40\pic\sources\c90\common\sprcadd.c
		___fladd       		CODE           	0384	0000	746

C:\Program Files\Microchip\xc8\v2.40\pic\sources\c90\common\sprcadd.c estimated size: 746

SPI.c
		_spiWrite      		CODE           	155F	0000	6
		_spiInit       		CODE           	15D7	0000	30

SPI.c estimated size: 36

C:\Program Files\Microchip\xc8\v2.40\pic\sources\c90\common\awmod.c
		___awmod       		CODE           	0815	0000	91

C:\Program Files\Microchip\xc8\v2.40\pic\sources\c90\common\awmod.c estimated size: 91

main.c
		_map           		CODE           	09F1	0000	198
		_main          		CODE           	0D65	0000	667
		_isr           		CODE           	0AB7	0000	219
		_BCD_a_Decimal 		CODE           	1572	0000	22
		_setup2        		CODE           	171F	0000	74

main.c estimated size: 1180

C:\Program Files\Microchip\xc8\v2.40\pic\sources\c90\common\lwdiv.c
		___lwdiv       		CODE           	16D9	0000	70

C:\Program Files\Microchip\xc8\v2.40\pic\sources\c90\common\lwdiv.c estimated size: 70

C:\Program Files\Microchip\xc8\v2.40\pic\sources\c90\common\xxtofl.c
		___xxtofl      		CODE           	0937	0000	186

C:\Program Files\Microchip\xc8\v2.40\pic\sources\c90\common\xxtofl.c estimated size: 186

LCD.c
		_Lcd_Write_String		CODE           	1693	0000	70
		_Lcd_Init      		CODE           	0870	0000	94
		_Lcd_Write_Char		CODE           	161E	0000	57
		_Lcd_Cmd       		CODE           	159F	0000	28
		_Lcd_Set_Cursor		CODE           	17B4	0000	76
		_Lcd_Clear     		CODE           	1565	0000	13
		_Lcd_Port      		CODE           	07D8	0000	32

LCD.c estimated size: 370

